// Jest Snapshot v1, https://goo.gl/fbAQLP

exports[`ListItems verify for ListItems data got success when loads 1`] = `ReactWrapper {}`;

exports[`ListItems verify for ListItems notification data got read 1`] = `ReactWrapper {}`;

exports[`ListItems verify for ListItems when error throws 1`] = `ReactWrapper {}`;

exports[`ListItems verify for notification data got its annoucementData type as empty 1`] = `ReactWrapper {}`;
